Module aims/aims_200112 and 8 dependencies loaded.
Info: creating workspace.
remaining extensions  : 2
remaining time in days: 7
slurmstepd: error: _is_a_lwp: open() /proc/7093/status failed: No such file or directory
