Module aims/aims_200112 and 8 dependencies loaded.
Info: creating workspace.
remaining extensions  : 2
remaining time in days: 7
srun: error: plugin_load_from_file: dlopen(/usr/lib64/slurm/spank_nv_gpufreq.so): libnvidia-ml.so.1: cannot open shared object file: No such file or directory
srun: error: spank: /usr/lib64/slurm/spank_nv_gpufreq.so: Dlopen of plugin file failed
