Module aims/aims_200112 and 8 dependencies loaded.
Info: creating workspace.
remaining extensions  : 2
remaining time in days: 7
 ELPA1_solve_tridi: ERROR: Problem contains processor column with zero width
 ELPA1_solve_tridi: ERROR: Problem contains processor column with zero width
 ELPA1_solve_tridi: ERROR: Problem contains processor column with zero width
 ELPA1_solve_tridi: ERROR: Problem contains processor column with zero width
 ELPA1_solve_tridi: ERROR: Problem contains processor column with zero width
 ELPA1_solve_tridi: ERROR: Problem contains processor column with zero width
 ELPA1_solve_tridi: ERROR: Problem contains processor column with zero width
 ELPA1_solve_tridi: ERROR: Problem contains processor column with zero width
 ELPA1_solve_tridi: ERROR: Problem contains processor column with zero width
 ELPA1_solve_tridi: ERROR: Problem contains processor column with zero width
 ELPA1_solve_tridi: ERROR: Problem contains processor column with zero width
 ELPA1_solve_tridi: ERROR: Problem contains processor column with zero width
application called MPI_Abort(MPI_COMM_WORLD, 0) - process 14
 ELPA1_solve_tridi: ERROR: Problem contains processor column with zero width
application called MPI_Abort(MPI_COMM_WORLD, 0) - process 15
 ELPA1_solve_tridi: ERROR: Problem contains processor column with zero width
application called MPI_Abort(MPI_COMM_WORLD, 0) - process 17
 ELPA1_solve_tridi: ERROR: Problem contains processor column with zero width
application called MPI_Abort(MPI_COMM_WORLD, 0) - process 20
 ELPA1_solve_tridi: ERROR: Problem contains processor column with zero width
application called MPI_Abort(MPI_COMM_WORLD, 0) - process 21
 ELPA1_solve_tridi: ERROR: Problem contains processor column with zero width
application called MPI_Abort(MPI_COMM_WORLD, 0) - process 22
 ELPA1_solve_tridi: ERROR: Problem contains processor column with zero width
application called MPI_Abort(MPI_COMM_WORLD, 0) - process 23
application called MPI_Abort(MPI_COMM_WORLD, 0) - process 0
 ELPA1_solve_tridi: ERROR: Problem contains processor column with zero width
application called MPI_Abort(MPI_COMM_WORLD, 0) - process 2
application called MPI_Abort(MPI_COMM_WORLD, 0) - process 3
application called MPI_Abort(MPI_COMM_WORLD, 0) - process 4
application called MPI_Abort(MPI_COMM_WORLD, 0) - process 5
application called MPI_Abort(MPI_COMM_WORLD, 0) - process 6
application called MPI_Abort(MPI_COMM_WORLD, 0) - process 8
application called MPI_Abort(MPI_COMM_WORLD, 0) - process 9
application called MPI_Abort(MPI_COMM_WORLD, 0) - process 10
application called MPI_Abort(MPI_COMM_WORLD, 0) - process 11
 ELPA1_solve_tridi: ERROR: Problem contains processor column with zero width
application called MPI_Abort(MPI_COMM_WORLD, 0) - process 12
application called MPI_Abort(MPI_COMM_WORLD, 0) - process 13
 ELPA1_solve_tridi: ERROR: Problem contains processor column with zero width
application called MPI_Abort(MPI_COMM_WORLD, 0) - process 16
 ELPA1_solve_tridi: ERROR: Problem contains processor column with zero width
application called MPI_Abort(MPI_COMM_WORLD, 0) - process 18
 ELPA1_solve_tridi: ERROR: Problem contains processor column with zero width
application called MPI_Abort(MPI_COMM_WORLD, 0) - process 19
 ELPA1_solve_tridi: ERROR: Problem contains processor column with zero width
application called MPI_Abort(MPI_COMM_WORLD, 0) - process 7
application called MPI_Abort(MPI_COMM_WORLD, 0) - process 1
slurmstepd: error: *** STEP 19529077.0 ON taurusi6503 CANCELLED AT 2020-04-02T18:46:39 ***
srun: Job step aborted: Waiting up to 32 seconds for job step to finish.
srun: error: taurusi6503: tasks 0-23: Killed
