Module aims/aims_200112 and 8 dependencies loaded.
terminate called after throwing an instance of 'boost::filesystem::filesystem_error'
  what():  boost::filesystem::status: Input/output error: "/lustre/ssd/ws-db/kempt-aims_19879816"
/var/spool/slurmd/job19879816/slurm_script: line 14: 17022 Aborted                 ws_allocate -F ssd $COMPUTE_DIR 7
