Module aims/aims_200112 and 8 dependencies loaded.
Info: creating workspace.
remaining extensions  : 2
remaining time in days: 7
 *** trusted_descent: Too many uphill relaxation steps, overall above aggregated_energy_tolerance.
