Module aims/aims_200112 and 8 dependencies loaded.
Info: creating workspace.
remaining extensions  : 2
remaining time in days: 6
